
> sainocode-website@0.1.0 build
> next build

  Γû▓ Next.js 14.2.3
  - Environments: .env.local

   Creating an optimized production build ...
 Γ£ô Compiled successfully
   Linting and checking validity of types ...
   Collecting page data ...
   Generating static pages (0/37) ...
   Generating static pages (9/37) 
   Generating static pages (18/37) 
node.exe : Unexpected error in /api/auth/me: n [Error]: Dynamic 
server usage: Route /api/auth/me couldn't be rendered 
statically because it used cookies. See more info here: 
https://nextjs.org/docs/messages/dynamic-server-error
At line:1 char:1
+ & "C:\Program Files\nodejs/node.exe" "C:\Program 
Files\nodejs/node_mo ...
+ ~~~~~~~~~~~~~~~~~~~~~~~~~~~~~~~~~~~~~~~~~~~~~~~~~~~~~~~~~~~~~~
~~~~~~~
    + CategoryInfo          : NotSpecified: (Unexpected erro... 
   ic-server-error:String) [], RemoteException
    + FullyQualifiedErrorId : NativeCommandError
 
    at l (D:\augment_assistant\saino1code-website-feat-sainocode
-website\.next\server\chunks\9276.js:1:37249)
    at u (D:\augment_assistant\saino1code-website-feat-sainocode
-website\.next\server\chunks\9978.js:38:9661)
    at i (D:\augment_assistant\saino1code-website-feat-sainocode
-website\.next\server\app\auth\callback\route.js:1:3367)
    at c (D:\augment_assistant\saino1code-website-feat-sainocode
-website\.next\server\app\api\auth\me\route.js:1:1058)
    at D:\augment_assistant\saino1code-website-feat-sainocode-we
bsite\node_modules\next\dist\compiled\next-server\app-route.runt
ime.prod.js:6:34672
    at D:\augment_assistant\saino1code-website-feat-sainocode-we
bsite\node_modules\next\dist\server\lib\trace\tracer.js:140:36
    at NoopContextManager.with (D:\augment_assistant\saino1code-
website-feat-sainocode-website\node_modules\next\dist\compiled\@
opentelemetry\api\index.js:1:7062)
    at ContextAPI.with (D:\augment_assistant\saino1code-website-
feat-sainocode-website\node_modules\next\dist\compiled\@opentele
metry\api\index.js:1:518)
    at NoopTracer.startActiveSpan (D:\augment_assistant\saino1co
de-website-feat-sainocode-website\node_modules\next\dist\compile
d\@opentelemetry\api\index.js:1:18093)
    at ProxyTracer.startActiveSpan (D:\augment_assistant\saino1c
ode-website-feat-sainocode-website\node_modules\next\dist\compil
ed\@opentelemetry\api\index.js:1:18854) {
  description: "Route /api/auth/me couldn't be rendered 
statically because it used cookies. See more info here: 
https://nextjs.org/docs/messages/dynamic-server-error",
  digest: 'DYNAMIC_SERVER_USAGE'
}
   Generating static pages (27/37) 
 Γ£ô Generating static pages (37/37)
   Finalizing page optimization ...
   Collecting build traces ...

Route (app)                                  Size     First Load JS
Γöî Γùï /                                        2.9 kB          153 kB
Γö£ Γùï /_not-found                              876 B          87.9 kB
Γö£ Γùï /about                                   202 B          87.3 kB
Γö£ ╞Æ /api/auth/me                             0 B                0 B
Γö£ ╞Æ /api/auth/validate                       0 B                0 B
Γö£ ╞Æ /api/create-checkout-session             0 B                0 B
Γö£ ╞Æ /api/create-portal-session               0 B                0 B
Γö£ ╞Æ /api/start-trial                         0 B                0 B
Γö£ ╞Æ /api/webhooks/stripe                     0 B                0 B
Γö£ ╞Æ /auth/callback                           0 B                0 B
Γö£ ╞Æ /auth/login                              0 B                0 B
Γö£ ╞Æ /auth/signout                            0 B                0 B
Γö£ ╞Æ /auth/signup                             0 B                0 B
Γö£ Γùï /blog                                    179 B            94 kB
Γö£ ╞Æ /blog/[slug]                             202 B          87.3 kB
Γö£ Γùï /careers                                 202 B          87.3 kB
Γö£ Γùï /contact                                 202 B          87.3 kB
Γö£ Γùï /cookies                                 202 B          87.3 kB
Γö£ ╞Æ /dashboard                               16.9 kB         184 kB
Γö£ Γùï /docs                                    202 B          87.3 kB
Γö£ Γùï /docs/core-concepts/agent-orchestration  202 B          87.3 kB
Γö£ Γùï /docs/core-concepts/context-engine       202 B          87.3 kB
Γö£ Γùï /docs/core-concepts/multi-model-brain    202 B          87.3 kB
Γö£ Γùï /docs/custom-api/groq                    202 B          87.3 kB
Γö£ Γùï /docs/custom-api/ollama                  202 B          87.3 kB
Γö£ Γùï /docs/custom-api/openai                  202 B          87.3 kB
Γö£ Γùï /docs/features/code-generation           202 B          87.3 kB
Γö£ Γùï /docs/features/collaboration             201 B          87.3 kB
Γö£ Γùï /docs/features/semantic-search           202 B          87.3 kB
Γö£ Γùï /docs/getting-started/configuration      202 B          87.3 kB
Γö£ Γùï /docs/getting-started/installation       202 B          87.3 kB
Γö£ Γùï /features                                203 B          87.3 kB
Γö£ Γùï /integrations                            2.88 kB        96.7 kB
Γö£ Γùï /login                                   128 kB          278 kB
Γö£ Γùï /pricing                                 8.27 kB         163 kB
Γö£ Γùï /privacy                                 202 B          87.3 kB
Γö£ Γùï /signup                                  3.83 kB         153 kB
Γö£ Γùï /status                                  202 B          87.3 kB
Γö£ Γùï /support                                 179 B            94 kB
Γöö Γùï /terms                                   204 B          87.3 kB
+ First Load JS shared by all                87.1 kB
  Γö£ chunks/7023-9069a4c6d6fdf25a.js          31.5 kB
  Γö£ chunks/fd9d1056-63ce767aa039462c.js      53.6 kB
  Γöö other shared chunks (total)              1.97 kB


╞Æ Middleware                                 68 kB

Γùï  (Static)   prerendered as static content
╞Æ  (Dynamic)  server-rendered on demand

